// Jest Snapshot v1, https://goo.gl/fbAQLP

exports[`ellipsis(props) renders expected snapshots 1`] = `
Object {
  "overflow": "hidden",
  "textOverflow": "ellipsis",
  "whiteSpace": "nowrap",
}
`;
